2025-08-07T08:36:39.1355256Z Current runner version: '2.327.1'
2025-08-07T08:36:39.1363995Z Runner name: 'JO'
2025-08-07T08:36:39.1364660Z Runner group name: 'Default'
2025-08-07T08:36:39.1365375Z Machine name: 'JO'
2025-08-07T08:36:39.1368595Z ##[group]GITHUB_TOKEN Permissions
2025-08-07T08:36:39.1370917Z Contents: read
2025-08-07T08:36:39.1371444Z Metadata: read
2025-08-07T08:36:39.1371904Z Packages: read
2025-08-07T08:36:39.1372452Z ##[endgroup]
2025-08-07T08:36:39.1374750Z Secret source: Actions
2025-08-07T08:36:39.1375449Z Prepare workflow directory
2025-08-07T08:36:39.1930874Z Prepare all required actions
2025-08-07T08:36:39.1976834Z Getting action download info
2025-08-07T08:36:40.5409854Z Download action repository 'actions/checkout@v4' (SHA:11bd71901bbe5b1630ceea73d27597364c9af683)
2025-08-07T08:36:42.5111770Z Complete job name: deploy
2025-08-07T08:36:42.6014202Z ##[group]Run actions/checkout@v4
2025-08-07T08:36:42.6015137Z with:
2025-08-07T08:36:42.6015430Z   repository: jauharimalik/sapapi
2025-08-07T08:36:42.6016078Z   token: ***
2025-08-07T08:36:42.6016339Z   ssh-strict: true
2025-08-07T08:36:42.6016577Z   ssh-user: git
2025-08-07T08:36:42.6016836Z   persist-credentials: true
2025-08-07T08:36:42.6017121Z   clean: true
2025-08-07T08:36:42.6017376Z   sparse-checkout-cone-mode: true
2025-08-07T08:36:42.6017677Z   fetch-depth: 1
2025-08-07T08:36:42.6017901Z   fetch-tags: false
2025-08-07T08:36:42.6018166Z   show-progress: true
2025-08-07T08:36:42.6018420Z   lfs: false
2025-08-07T08:36:42.6018660Z   submodules: false
2025-08-07T08:36:42.6018923Z   set-safe-directory: true
2025-08-07T08:36:42.6019495Z ##[endgroup]
2025-08-07T08:36:43.0456698Z Syncing repository: jauharimalik/sapapi
2025-08-07T08:36:43.0458173Z ##[group]Getting Git version info
2025-08-07T08:36:43.0458763Z Working directory is 'C:\laragon\www\sapapi\action-runner\_work\sapapi\sapapi'
2025-08-07T08:36:43.0753477Z [command]"C:\Program Files\Git\cmd\git.exe" version
2025-08-07T08:36:43.1004818Z git version 2.44.0.windows.1
2025-08-07T08:36:43.1505059Z ##[endgroup]
2025-08-07T08:36:43.1529635Z Temporarily overriding HOME='C:\laragon\www\sapapi\action-runner\_work\_temp\92c910c5-820c-4919-8e49-24c8d46d749e' before making global git config changes
2025-08-07T08:36:43.1530715Z Adding repository directory to the temporary git global config as a safe directory
2025-08-07T08:36:43.1541292Z [command]"C:\Program Files\Git\cmd\git.exe" config --global --add safe.directory C:\laragon\www\sapapi\action-runner\_work\sapapi\sapapi
2025-08-07T08:36:43.1945824Z [command]"C:\Program Files\Git\cmd\git.exe" config --local --get remote.origin.url
2025-08-07T08:36:43.2193626Z https://github.com/jauharimalik/sapapi
2025-08-07T08:36:43.2234020Z ##[group]Removing previously created refs, to avoid conflicts
2025-08-07T08:36:43.2245314Z [command]"C:\Program Files\Git\cmd\git.exe" rev-parse --symbolic-full-name --verify --quiet HEAD
2025-08-07T08:36:43.2496404Z refs/heads/main
2025-08-07T08:36:43.2534084Z [command]"C:\Program Files\Git\cmd\git.exe" checkout --detach
2025-08-07T08:36:43.3068363Z HEAD is now at 7e43144 cek
2025-08-07T08:36:43.3706283Z ##[endgroup]
2025-08-07T08:36:43.3716106Z [command]"C:\Program Files\Git\cmd\git.exe" submodule status
2025-08-07T08:36:44.0015410Z ##[error]fatal: no submodule mapping found in .gitmodules for path 'action-runner/_work/sapapi/sapapi'
2025-08-07T08:36:44.0062970Z Bad Submodules found, removing existing files
2025-08-07T08:36:44.0063565Z ##[group]Cleaning the repository
2025-08-07T08:36:44.0073838Z [command]"C:\Program Files\Git\cmd\git.exe" clean -ffdx
2025-08-07T08:36:44.0411773Z [command]"C:\Program Files\Git\cmd\git.exe" reset --hard HEAD
2025-08-07T08:36:44.0983894Z HEAD is now at 7e43144 cek
2025-08-07T08:36:44.1017273Z ##[endgroup]
2025-08-07T08:36:44.1033108Z ##[warning]Unable to clean or reset the repository. The repository will be recreated instead.
2025-08-07T08:36:44.1035886Z Deleting the contents of 'C:\laragon\www\sapapi\action-runner\_work\sapapi\sapapi'
2025-08-07T08:36:44.2485769Z ##[group]Initializing the repository
2025-08-07T08:36:44.2511178Z [command]"C:\Program Files\Git\cmd\git.exe" init C:\laragon\www\sapapi\action-runner\_work\sapapi\sapapi
2025-08-07T08:36:44.3084786Z Initialized empty Git repository in C:/laragon/www/sapapi/action-runner/_work/sapapi/sapapi/.git/
2025-08-07T08:36:44.3155250Z [command]"C:\Program Files\Git\cmd\git.exe" remote add origin https://github.com/jauharimalik/sapapi
2025-08-07T08:36:44.3663100Z ##[endgroup]
2025-08-07T08:36:44.3664135Z ##[group]Disabling automatic garbage collection
2025-08-07T08:36:44.3664877Z [command]"C:\Program Files\Git\cmd\git.exe" config --local gc.auto 0
2025-08-07T08:36:44.4009981Z ##[endgroup]
2025-08-07T08:36:44.4010524Z ##[group]Setting up auth
2025-08-07T08:36:44.4027446Z [command]"C:\Program Files\Git\cmd\git.exe" config --local --name-only --get-regexp core\.sshCommand
2025-08-07T08:36:44.4402165Z [command]"C:\Program Files\Git\cmd\git.exe" submodule foreach --recursive "sh -c \"git config --local --name-only --get-regexp 'core\.sshCommand' && git config --local --unset-all 'core.sshCommand' || :\""
2025-08-07T08:36:45.4641025Z [command]"C:\Program Files\Git\cmd\git.exe" config --local --name-only --get-regexp http\.https\:\/\/github\.com\/\.extraheader
2025-08-07T08:36:45.4955372Z [command]"C:\Program Files\Git\cmd\git.exe" submodule foreach --recursive "sh -c \"git config --local --name-only --get-regexp 'http\.https\:\/\/github\.com\/\.extraheader' && git config --local --unset-all 'http.https://github.com/.extraheader' || :\""
2025-08-07T08:36:46.6121474Z [command]"C:\Program Files\Git\cmd\git.exe" config --local http.https://github.com/.extraheader "AUTHORIZATION: basic ***"
2025-08-07T08:36:46.6802262Z ##[endgroup]
2025-08-07T08:36:46.6802806Z ##[group]Fetching the repository
2025-08-07T08:36:46.6821784Z [command]"C:\Program Files\Git\cmd\git.exe" -c protocol.version=2 fetch --no-tags --prune --no-recurse-submodules --depth=1 origin +7e43144c5394b2c5db6fd3805b40f44e8aefd88b:refs/remotes/origin/main
2025-08-07T08:40:01.4853793Z From https://github.com/jauharimalik/sapapi
2025-08-07T08:40:01.4854562Z  * [new ref]         7e43144c5394b2c5db6fd3805b40f44e8aefd88b -> origin/main
2025-08-07T08:40:01.5051394Z ##[endgroup]
2025-08-07T08:40:01.5051833Z ##[group]Determining the checkout info
2025-08-07T08:40:01.5054139Z ##[endgroup]
2025-08-07T08:40:01.5067311Z [command]"C:\Program Files\Git\cmd\git.exe" sparse-checkout disable
2025-08-07T08:40:01.5453395Z [command]"C:\Program Files\Git\cmd\git.exe" config --local --unset-all extensions.worktreeConfig
2025-08-07T08:40:01.5774348Z ##[group]Checking out the ref
2025-08-07T08:40:01.5785758Z [command]"C:\Program Files\Git\cmd\git.exe" checkout --progress --force -B main refs/remotes/origin/main
2025-08-07T08:40:02.6373875Z Updating files:  58% (254/433)
2025-08-07T08:40:02.6443532Z Updating files:  59% (256/433)
2025-08-07T08:40:02.6828127Z Updating files:  60% (260/433)
2025-08-07T08:40:02.6935920Z Updating files:  61% (265/433)
2025-08-07T08:40:02.7121282Z Updating files:  62% (269/433)
2025-08-07T08:40:02.7174100Z Updating files:  63% (273/433)
2025-08-07T08:40:02.8430003Z Updating files:  64% (278/433)
2025-08-07T08:40:02.9492306Z Updating files:  65% (282/433)
2025-08-07T08:40:02.9537350Z Updating files:  66% (286/433)
2025-08-07T08:40:02.9710596Z Updating files:  67% (291/433)
2025-08-07T08:40:02.9736514Z Updating files:  68% (295/433)
2025-08-07T08:40:02.9877538Z Updating files:  69% (299/433)
2025-08-07T08:40:03.0020391Z Updating files:  70% (304/433)
2025-08-07T08:40:03.0111329Z Updating files:  71% (308/433)
2025-08-07T08:40:03.0159130Z Updating files:  72% (312/433)
2025-08-07T08:40:03.0188129Z Updating files:  73% (317/433)
2025-08-07T08:40:03.0238762Z Updating files:  74% (321/433)
2025-08-07T08:40:03.0478247Z Updating files:  75% (325/433)
2025-08-07T08:40:03.0566089Z Updating files:  76% (330/433)
2025-08-07T08:40:03.0782510Z Updating files:  77% (334/433)
2025-08-07T08:40:03.0964289Z Updating files:  78% (338/433)
2025-08-07T08:40:03.0991633Z Updating files:  79% (343/433)
2025-08-07T08:40:03.1137236Z Updating files:  80% (347/433)
2025-08-07T08:40:03.1166136Z Updating files:  81% (351/433)
2025-08-07T08:40:03.1293877Z Updating files:  82% (356/433)
2025-08-07T08:40:03.1375246Z Updating files:  83% (360/433)
2025-08-07T08:40:03.1458917Z Updating files:  84% (364/433)
2025-08-07T08:40:03.1597748Z Updating files:  85% (369/433)
2025-08-07T08:40:03.2288585Z Updating files:  86% (373/433)
2025-08-07T08:40:03.2429728Z Updating files:  87% (377/433)
2025-08-07T08:40:03.2787261Z Updating files:  88% (382/433)
2025-08-07T08:40:03.2867289Z Updating files:  89% (386/433)
2025-08-07T08:40:04.0345834Z Updating files:  90% (390/433)
2025-08-07T08:40:04.3227135Z Updating files:  91% (395/433)
2025-08-07T08:40:04.3241392Z Updating files:  92% (399/433)
2025-08-07T08:40:04.3263512Z Updating files:  93% (403/433)
2025-08-07T08:40:04.3278037Z Updating files:  94% (408/433)
2025-08-07T08:40:04.3297773Z Updating files:  95% (412/433)
2025-08-07T08:40:04.3334810Z Updating files:  96% (416/433)
2025-08-07T08:40:04.3358168Z Updating files:  97% (421/433)
2025-08-07T08:40:04.3379625Z Updating files:  98% (425/433)
2025-08-07T08:40:04.3401930Z Updating files:  99% (429/433)
2025-08-07T08:40:04.3402404Z Updating files: 100% (433/433)
2025-08-07T08:40:04.3402871Z Updating files: 100% (433/433), done.
2025-08-07T08:40:04.3640340Z branch 'main' set up to track 'origin/main'.
2025-08-07T08:40:04.3641088Z Switched to a new branch 'main'
2025-08-07T08:40:04.3894148Z ##[endgroup]
2025-08-07T08:40:04.4300668Z [command]"C:\Program Files\Git\cmd\git.exe" log -1 --format=%H
2025-08-07T08:40:04.4573265Z 7e43144c5394b2c5db6fd3805b40f44e8aefd88b
2025-08-07T08:40:04.5054578Z ##[group]Run git pull -f origin main
2025-08-07T08:40:04.5055046Z [36;1mgit pull -f origin main[0m
2025-08-07T08:40:04.5149642Z shell: C:\Windows\System32\WindowsPowerShell\v1.0\powershell.EXE -command ". '{0}'"
2025-08-07T08:40:04.5150110Z ##[endgroup]
2025-08-07T08:40:05.8965977Z From https://github.com/jauharimalik/sapapi
2025-08-07T08:40:05.8966344Z  * branch            main       -> FETCH_HEAD
2025-08-07T08:40:05.9280638Z Already up to date.
2025-08-07T08:40:06.0390378Z ##[group]Run taskkill /IM csx.bat /F
2025-08-07T08:40:06.0391805Z [36;1mtaskkill /IM csx.bat /F[0m
2025-08-07T08:40:06.0504856Z shell: C:\Windows\System32\WindowsPowerShell\v1.0\powershell.EXE -command ". '{0}'"
2025-08-07T08:40:06.0506037Z ##[endgroup]
2025-08-07T08:40:06.4129579Z ERROR: The process "csx.bat" not found.
2025-08-07T08:40:06.4613005Z ##[error]Process completed with exit code 1.
2025-08-07T08:40:06.4801255Z ##[group]Run C:\laragon\www\sapapi\csx.bat
2025-08-07T08:40:06.4801936Z [36;1mC:\laragon\www\sapapi\csx.bat[0m
2025-08-07T08:40:06.4880558Z shell: C:\Windows\System32\WindowsPowerShell\v1.0\powershell.EXE -command ". '{0}'"
2025-08-07T08:40:06.4881212Z ##[endgroup]
2025-08-07T08:40:06.7237934Z Starting deployment process...
2025-08-07T08:40:06.7261600Z 
2025-08-07T08:40:06.7268102Z Killing all existing Node.js processes...
2025-08-07T08:40:06.8690380Z SUCCESS: The process with PID 21832 (child process of PID 28696) has been terminated.
2025-08-07T08:40:06.8815699Z ERROR: Input redirection is not supported, exiting the process immediately.
2025-08-07T08:40:06.8835966Z Pulling the latest code from Git...
2025-08-07T08:40:06.9114057Z fatal: detected dubious ownership in repository at 'C:/laragon/www/sapapi'
2025-08-07T08:40:06.9114826Z 'C:/laragon/www/sapapi' is owned by:
2025-08-07T08:40:06.9115441Z 	JO/PROGRAM-002 (S-1-5-21-3845364444-177923611-1238845751-1001)
2025-08-07T08:40:06.9116073Z but the current user is:
2025-08-07T08:40:06.9116443Z 	NT AUTHORITY/SYSTEM (S-1-5-18)
2025-08-07T08:40:06.9116942Z To add an exception for this directory, call:
2025-08-07T08:40:06.9117343Z 
2025-08-07T08:40:06.9117663Z 	git config --global --add safe.directory C:/laragon/www/sapapi
2025-08-07T08:40:06.9151031Z Starting all Node.js applications...
20