2025-08-06T11:17:29.9843447Z Current runner version: '2.327.1'
2025-08-06T11:17:29.9851590Z Runner name: 'JO'
2025-08-06T11:17:29.9852204Z Runner group name: 'Default'
2025-08-06T11:17:29.9852896Z Machine name: 'JO'
2025-08-06T11:17:29.9856206Z ##[group]GITHUB_TOKEN Permissions
2025-08-06T11:17:29.9858505Z Contents: read
2025-08-06T11:17:29.9859010Z Metadata: read
2025-08-06T11:17:29.9859464Z Packages: read
2025-08-06T11:17:29.9859946Z ##[endgroup]
2025-08-06T11:17:29.9862160Z Secret source: Actions
2025-08-06T11:17:29.9862832Z Prepare workflow directory
2025-08-06T11:17:30.0372272Z Prepare all required actions
2025-08-06T11:17:30.0445391Z Getting action download info
2025-08-06T11:17:31.6687893Z Download action repository 'actions/checkout@v4' (SHA:11bd71901bbe5b1630ceea73d27597364c9af683)
2025-08-06T11:17:33.3735897Z Complete job name: deploy
2025-08-06T11:17:33.4877240Z ##[group]Run actions/checkout@v4
2025-08-06T11:17:33.4878175Z with:
2025-08-06T11:17:33.4878473Z   repository: jauharimalik/sapapi
2025-08-06T11:17:33.4879171Z   token: ***
2025-08-06T11:17:33.4879421Z   ssh-strict: true
2025-08-06T11:17:33.4879657Z   ssh-user: git
2025-08-06T11:17:33.4879921Z   persist-credentials: true
2025-08-06T11:17:33.4880209Z   clean: true
2025-08-06T11:17:33.4880466Z   sparse-checkout-cone-mode: true
2025-08-06T11:17:33.4880771Z   fetch-depth: 1
2025-08-06T11:17:33.4881002Z   fetch-tags: false
2025-08-06T11:17:33.4881275Z   show-progress: true
2025-08-06T11:17:33.4881642Z   lfs: false
2025-08-06T11:17:33.4882289Z   submodules: false
2025-08-06T11:17:33.4882682Z   set-safe-directory: true
2025-08-06T11:17:33.4883526Z ##[endgroup]
2025-08-06T11:17:34.0648016Z Syncing repository: jauharimalik/sapapi
2025-08-06T11:17:34.0650693Z ##[group]Getting Git version info
2025-08-06T11:17:34.0651858Z Working directory is 'C:\laragon\www\sapapi\action-runner\_work\sapapi\sapapi'
2025-08-06T11:17:34.1436833Z [command]"C:\Program Files\Git\cmd\git.exe" version
2025-08-06T11:17:34.1792815Z git version 2.44.0.windows.1
2025-08-06T11:17:34.1840482Z ##[endgroup]
2025-08-06T11:17:34.1865582Z Temporarily overriding HOME='C:\laragon\www\sapapi\action-runner\_work\_temp\7522cae4-7087-419e-bd64-2a096a8d86b6' before making global git config changes
2025-08-06T11:17:34.1867476Z Adding repository directory to the temporary git global config as a safe directory
2025-08-06T11:17:34.1877825Z [command]"C:\Program Files\Git\cmd\git.exe" config --global --add safe.directory C:\laragon\www\sapapi\action-runner\_work\sapapi\sapapi
2025-08-06T11:17:34.2319168Z [command]"C:\Program Files\Git\cmd\git.exe" config --local --get remote.origin.url
2025-08-06T11:17:34.2599400Z https://github.com/jauharimalik/sapapi
2025-08-06T11:17:34.2656657Z ##[group]Removing previously created refs, to avoid conflicts
2025-08-06T11:17:34.2666193Z [command]"C:\Program Files\Git\cmd\git.exe" rev-parse --symbolic-full-name --verify --quiet HEAD
2025-08-06T11:17:34.3262112Z refs/heads/main
2025-08-06T11:17:34.3331984Z [command]"C:\Program Files\Git\cmd\git.exe" checkout --detach
2025-08-06T11:17:34.3944563Z HEAD is now at eafd817 Update deploy.yml
2025-08-06T11:17:34.5015040Z ##[endgroup]
2025-08-06T11:17:34.5034604Z [command]"C:\Program Files\Git\cmd\git.exe" submodule status
2025-08-06T11:17:35.3319216Z ##[error]fatal: no submodule mapping found in .gitmodules for path 'action-runner/_work/sapapi/sapapi'
2025-08-06T11:17:35.3547663Z Bad Submodules found, removing existing files
2025-08-06T11:17:35.3548548Z ##[group]Cleaning the repository
2025-08-06T11:17:35.3560754Z [command]"C:\Program Files\Git\cmd\git.exe" clean -ffdx
2025-08-06T11:17:39.3704468Z Removing node_modules/
2025-08-06T11:17:39.3767836Z [command]"C:\Program Files\Git\cmd\git.exe" reset --hard HEAD
2025-08-06T11:17:39.4312928Z HEAD is now at eafd817 Update deploy.yml
2025-08-06T11:17:39.4352555Z ##[endgroup]
2025-08-06T11:17:39.4369125Z ##[warning]Unable to clean or reset the repository. The repository will be recreated instead.
2025-08-06T11:17:39.4370678Z Deleting the contents of 'C:\laragon\www\sapapi\action-runner\_work\sapapi\sapapi'
2025-08-06T11:17:39.5766438Z ##[group]Initializing the repository
2025-08-06T11:17:39.5768644Z [command]"C:\Program Files\Git\cmd\git.exe" init C:\laragon\www\sapapi\action-runner\_work\sapapi\sapapi
2025-08-06T11:17:39.6239247Z Initialized empty Git repository in C:/laragon/www/sapapi/action-runner/_work/sapapi/sapapi/.git/
2025-08-06T11:17:39.6313891Z [command]"C:\Program Files\Git\cmd\git.exe" remote add origin https://github.com/jauharimalik/sapapi
2025-08-06T11:17:39.6904102Z ##[endgroup]
2025-08-06T11:17:39.6904588Z ##[group]Disabling automatic garbage collection
2025-08-06T11:17:39.6915057Z [command]"C:\Program Files\Git\cmd\git.exe" config --local gc.auto 0
2025-08-06T11:17:39.7285797Z ##[endgroup]
2025-08-06T11:17:39.7287244Z ##[group]Setting up auth
2025-08-06T11:17:39.7306044Z [command]"C:\Program Files\Git\cmd\git.exe" config --local --name-only --get-regexp core\.sshCommand
2025-08-06T11:17:39.7656497Z [command]"C:\Program Files\Git\cmd\git.exe" submodule foreach --recursive "sh -c \"git config --local --name-only --get-regexp 'core\.sshCommand' && git config --local --unset-all 'core.sshCommand' || :\""
2025-08-06T11:17:40.6440286Z [command]"C:\Program Files\Git\cmd\git.exe" config --local --name-only --get-regexp http\.https\:\/\/github\.com\/\.extraheader
2025-08-06T11:17:40.6772856Z [command]"C:\Program Files\Git\cmd\git.exe" submodule foreach --recursive "sh -c \"git config --local --name-only --get-regexp 'http\.https\:\/\/github\.com\/\.extraheader' && git config --local --unset-all 'http.https://github.com/.extraheader' || :\""
2025-08-06T11:17:41.5778242Z [command]"C:\Program Files\Git\cmd\git.exe" config --local http.https://github.com/.extraheader "AUTHORIZATION: basic ***"
2025-08-06T11:17:41.6137037Z ##[endgroup]
2025-08-06T11:17:41.6138476Z ##[group]Fetching the repository
2025-08-06T11:17:41.6158226Z [command]"C:\Program Files\Git\cmd\git.exe" -c protocol.version=2 fetch --no-tags --prune --no-recurse-submodules --depth=1 origin +29897fa310f1f80937bbae7928d64a69e8b78ea0:refs/remotes/origin/main
2025-08-06T11:20:22.7860221Z From https://github.com/jauharimalik/sapapi
2025-08-06T11:20:22.7860997Z  * [new ref]         29897fa310f1f80937bbae7928d64a69e8b78ea0 -> origin/main
2025-08-06T11:20:22.8066480Z ##[endgroup]
2025-08-06T11:20:22.8066966Z ##[group]Determining the checkout info
2025-08-06T11:20:22.8068718Z ##[endgroup]
2025-08-06T11:20:22.8080753Z [command]"C:\Program Files\Git\cmd\git.exe" sparse-checkout disable
2025-08-06T11:20:22.8438418Z [command]"C:\Program Files\Git\cmd\git.exe" config --local --unset-all extensions.worktreeConfig
2025-08-06T11:20:22.8791070Z ##[group]Checking out the ref
2025-08-06T11:20:22.8802443Z [command]"C:\Program Files\Git\cmd\git.exe" checkout --progress --force -B main refs/remotes/origin/main
2025-08-06T11:20:23.9298202Z Updating files:  62% (260/418)
2025-08-06T11:20:24.0547190Z Updating files:  63% (264/418)
2025-08-06T11:20:24.1265554Z Updating files:  64% (268/418)
2025-08-06T11:20:24.1306838Z Updating files:  65% (272/418)
2025-08-06T11:20:24.1463158Z Updating files:  66% (276/418)
2025-08-06T11:20:24.1494038Z Updating files:  67% (281/418)
2025-08-06T11:20:24.1591581Z Updating files:  68% (285/418)
2025-08-06T11:20:24.1673280Z Updating files:  69% (289/418)
2025-08-06T11:20:24.1742838Z Updating files:  70% (293/418)
2025-08-06T11:20:24.1798089Z Updating files:  71% (297/418)
2025-08-06T11:20:24.1825074Z Updating files:  72% (301/418)
2025-08-06T11:20:24.1886976Z Updating files:  73% (306/418)
2025-08-06T11:20:24.2132947Z Updating files:  74% (310/418)
2025-08-06T11:20:24.2188939Z Updating files:  75% (314/418)
2025-08-06T11:20:24.2331477Z Updating files:  76% (318/418)
2025-08-06T11:20:24.2694176Z Updating files:  77% (322/418)
2025-08-06T11:20:24.2729794Z Updating files:  78% (327/418)
2025-08-06T11:20:24.2804158Z Updating files:  79% (331/418)
2025-08-06T11:20:24.2835304Z Updating files:  80% (335/418)
2025-08-06T11:20:24.2860082Z Updating files:  81% (339/418)
2025-08-06T11:20:24.2887873Z Updating files:  82% (343/418)
2025-08-06T11:20:24.2938658Z Updating files:  83% (347/418)
2025-08-06T11:20:24.2956674Z Updating files:  84% (352/418)
2025-08-06T11:20:24.3698576Z Updating files:  85% (356/418)
2025-08-06T11:20:24.3812272Z Updating files:  86% (360/418)
2025-08-06T11:20:24.3978535Z Updating files:  87% (364/418)
2025-08-06T11:20:24.4277191Z Updating files:  88% (368/418)
2025-08-06T11:20:24.4302135Z Updating files:  89% (373/418)
2025-08-06T11:20:25.1894564Z Updating files:  90% (377/418)
2025-08-06T11:20:25.2002613Z Updating files:  90% (380/418)
2025-08-06T11:20:25.4781597Z Updating files:  91% (381/418)
2025-08-06T11:20:25.4797578Z Updating files:  92% (385/418)
2025-08-06T11:20:25.4820237Z Updating files:  93% (389/418)
2025-08-06T11:20:25.4849636Z Updating files:  94% (393/418)
2025-08-06T11:20:25.4875020Z Updating files:  95% (398/418)
2025-08-06T11:20:25.4907251Z Updating files:  96% (402/418)
2025-08-06T11:20:25.4931011Z Updating files:  97% (406/418)
2025-08-06T11:20:25.4951322Z Updating files:  98% (410/418)
2025-08-06T11:20:25.5036392Z Updating files:  99% (414/418)
2025-08-06T11:20:25.5037042Z Updating files: 100% (418/418)
2025-08-06T11:20:25.5037521Z Updating files: 100% (418/418), done.
2025-08-06T11:20:25.5260225Z branch 'main' set up to track 'origin/main'.
2025-08-06T11:20:25.5261515Z Switched to a new branch 'main'
2025-08-06T11:20:25.5546627Z ##[endgroup]
2025-08-06T11:20:25.5883282Z [command]"C:\Program Files\Git\cmd\git.exe" log -1 --format=%H
2025-08-06T11:20:25.6165501Z 29897fa310f1f80937bbae7928d64a69e8b78ea0
2025-08-06T11:20:25.6648758Z ##[group]Run git pull -f origin main
2025-08-06T11:20:25.6649185Z [36;1mgit pull -f origin main[0m
2025-08-06T11:20:25.6744794Z shell: C:\Windows\System32\WindowsPowerShell\v1.0\powershell.EXE -command ". '{0}'"
2025-08-06T11:20:25.6745263Z ##[endgroup]
2025-08-06T11:20:27.2895646Z From https://github.com/jauharimalik/sapapi
2025-08-06T11:20:27.2897037Z  * branch            main       -> FETCH_HEAD
2025-08-06T11:20:27.2898369Z    29897fa..5e8baae  main       -> origin/main
2025-08-06T11:20:28.4022002Z Updating 29897fa..5e8baae
2025-08-06T11:20:28.4022642Z Fast-forward
2025-08-06T11:20:28.4474701Z  .github/workflows/deploy.yml | 31 +++++++++++++++++++++----------
2025-08-06T11:20:28.4475161Z  1 file changed, 21 insertions(+), 10 deletions(-)
2025-08-06T11:20:28.5281173Z ##[group]Run taskkill /IM csx.bat /F
2025-08-06T11:20:28.5281921Z [36;1mtaskkill /IM csx.bat /F[0m
2025-08-06T11:20:28.5407764Z shell: C:\Windows\System32\WindowsPowerShell\v1.0\powershell.EXE -command ". '{0}'"
2025-08-06T11:20:28.5408793Z ##[endgroup]
2025-08-06T11:20:28.9165786Z ERROR: The process "csx.bat" not found.
2025-08-06T11:20:28.9701867Z ##[error]Process completed with exit code 1.
2025-08-06T11:20:28.9851935Z ##[group]Run C:\laragon\www\sapapi\csx.bat
2025-08-06T11:20:28.9852619Z [36;1mC:\laragon\www\sapapi\csx.bat[0m
2025-08-06T11:20:28.9937029Z shell: C:\Windows\System32\WindowsPowerShell\v1.0\powershell.EXE -command ". '{0}'"
2025-08-06T11:20:28.9937764Z ##[endgroup]
2025-08-06T11:20:29.2126287Z Starting deployment process...
2025-08-06T11:20:29.2145039Z 
2025-08-06T11:20:29.2148868Z Killing all existing Node.js processes...
2025-08-06T11:20:29.3252188Z SUCCESS: The process with PID 9712 (child process of PID 4668) has been terminated.
2025-08-06T11:20:29.3412309Z ERROR: Input redirection is not supported, exiting the process immediately.
2025-08-06T11:20:29.3435571Z Pulling the latest code from Git...
2025-08-06T11:20:29.3751992Z fatal: detected dubious ownership in repository at 'C:/laragon/www/sapapi'
2025-08-06T11:20:29.3752443Z 'C:/laragon/www/sapapi' is owned by:
2025-08-06T11:20:29.3752820Z 	JO/PROGRAM-002 (S-1-5-21-3845364444-177923611-1238845751-1001)
2025-08-06T11:20:29.3753225Z but the current user is:
2025-08-06T11:20:29.3753471Z 	NT AUTHORITY/SYSTEM (S-1-5-18)
2025-08-06T11:20:29.3753752Z To add an exception for this directory, c